2024-11-25T14:17:50.642Z [warn] WARNING: {{page-title}} was not converted as it has positional parameters which can't be automatically converted. Source: app/templates/cases/case/subcases/subcase.hbs
2024-11-25T14:17:50.661Z [warn] WARNING: {{page-title}} was not converted as it has positional parameters which can't be automatically converted. Source: app/templates/cases/new-submission.hbs
2024-11-25T14:17:50.644Z [warn] WARNING: {{page-title}} was not converted as it has positional parameters which can't be automatically converted. Source: app/templates/cases/case/subcases/subcase.hbs
2024-11-25T14:17:50.644Z [warn] WARNING: {{page-title}} was not converted as it has positional parameters which can't be automatically converted. Source: app/templates/cases/case/subcases/subcase.hbs
2024-11-25T14:17:50.692Z [warn] WARNING: {{page-title}} was not converted as it has positional parameters which can't be automatically converted. Source: app/templates/cases/case/subcases/new-submission.hbs
2024-11-25T14:17:50.748Z [warn] WARNING: {{page-title}} was not converted as it has positional parameters which can't be automatically converted. Source: app/templates/signatures/ratifications.hbs
2024-11-25T14:17:50.733Z [warn] WARNING: {{page-title}} was not converted as it has positional parameters which can't be automatically converted. Source: app/templates/cases/index.hbs
2024-11-25T14:17:50.734Z [warn] WARNING: {{set}} was not converted as it has positional parameters which can't be automatically converted. Source: app/templates/cases/index.hbs
2024-11-25T14:17:50.734Z [warn] WARNING: {{set}} was not converted as it has positional parameters which can't be automatically converted. Source: app/templates/cases/index.hbs
2024-11-25T14:17:50.734Z [warn] WARNING: {{set}} was not converted as it has positional parameters which can't be automatically converted. Source: app/templates/cases/index.hbs
2024-11-25T14:17:50.734Z [warn] WARNING: {{fn}} was not converted as it has positional parameters which can't be automatically converted. Source: app/templates/cases/index.hbs
2024-11-25T14:17:50.735Z [warn] WARNING: {{fn}} was not converted as it has positional parameters which can't be automatically converted. Source: app/templates/cases/index.hbs
2024-11-25T14:17:50.735Z [warn] WARNING: {{datetime}} was not converted as it has positional parameters which can't be automatically converted. Source: app/templates/cases/index.hbs
2024-11-25T14:17:50.735Z [warn] WARNING: {{fn}} was not converted as it has positional parameters which can't be automatically converted. Source: app/templates/cases/index.hbs
2024-11-25T14:17:50.753Z [warn] WARNING: {{page-title}} was not converted as it has positional parameters which can't be automatically converted. Source: app/templates/newsletter/print.hbs
2024-11-25T14:17:50.758Z [warn] WARNING: {{fn}} was not converted as it has positional parameters which can't be automatically converted. Source: app/templates/newsletters/index.hbs
2024-11-25T14:17:50.762Z [warn] WARNING: {{page-title}} was not converted as it has positional parameters which can't be automatically converted. Source: app/templates/agenda.hbs
2024-11-25T14:17:50.780Z [warn] WARNING: {{user-may}} was not converted as it has positional parameters which can't be automatically converted. Source: app/templates/agenda/agendaitems/agendaitem/index.hbs
2024-11-25T14:17:50.788Z [warn] WARNING: {{fn}} was not converted as it has positional parameters which can't be automatically converted. Source: app/templates/newsletter/nota-updates.hbs
2024-11-25T14:17:50.801Z [warn] WARNING: {{fn}} was not converted as it has positional parameters which can't be automatically converted. Source: app/templates/newsletter/index.hbs
2024-11-25T14:17:50.801Z [warn] WARNING: {{fn}} was not converted as it has positional parameters which can't be automatically converted. Source: app/templates/newsletter/index.hbs
2024-11-25T14:17:50.801Z [warn] WARNING: {{fn}} was not converted as it has positional parameters which can't be automatically converted. Source: app/templates/newsletter/index.hbs
2024-11-25T14:17:50.827Z [warn] WARNING: {{page-title}} was not converted as it has positional parameters which can't be automatically converted. Source: app/templates/meeting.hbs
2024-11-25T14:17:50.833Z [warn] WARNING: {{page-title}} was not converted as it has positional parameters which can't be automatically converted. Source: app/templates/publications.hbs
2024-11-25T14:17:50.783Z [warn] WARNING: {{user-may}} was not converted as it has positional parameters which can't be automatically converted. Source: app/templates/agenda/agendaitems/agendaitem/index.hbs
2024-11-25T14:17:50.784Z [warn] WARNING: {{user-may}} was not converted as it has positional parameters which can't be automatically converted. Source: app/templates/agenda/agendaitems/agendaitem/index.hbs
2024-11-25T14:17:50.784Z [warn] WARNING: {{or}} was not converted as it has positional parameters which can't be automatically converted. Source: app/templates/agenda/agendaitems/agendaitem/index.hbs
2024-11-25T14:17:50.784Z [warn] WARNING: {{user-may}} was not converted as it has positional parameters which can't be automatically converted. Source: app/templates/agenda/agendaitems/agendaitem/index.hbs
2024-11-25T14:17:50.785Z [warn] WARNING: {{user-may}} was not converted as it has positional parameters which can't be automatically converted. Source: app/templates/agenda/agendaitems/agendaitem/index.hbs
2024-11-25T14:17:50.840Z [warn] WARNING: {{page-title}} was not converted as it has positional parameters which can't be automatically converted. Source: app/templates/cases/case/parliament-flow/index.hbs
2024-11-25T14:17:50.870Z [warn] WARNING: {{page-title}} was not converted as it has positional parameters which can't be automatically converted. Source: app/templates/newsletters.hbs
2024-11-25T14:17:50.880Z [warn] WARNING: {{capitalize}} was not converted as it has positional parameters which can't be automatically converted. Source: app/templates/agenda/agendaitems/agendaitem.hbs
2024-11-25T14:17:50.881Z [warn] WARNING: {{set}} was not converted as it has positional parameters which can't be automatically converted. Source: app/templates/search/documents.hbs
2024-11-25T14:17:50.764Z [warn] WARNING: {{or}} was not converted as it has positional parameters which can't be automatically converted. Source: app/templates/agenda.hbs
2024-11-25T14:17:50.778Z [warn] WARNING: {{page-title}} was not converted as it has positional parameters which can't be automatically converted. Source: app/templates/agendaitem.hbs
2024-11-25T14:17:50.868Z [warn] WARNING: {{page-title}} was not converted as it has positional parameters which can't be automatically converted. Source: app/templates/agendas.hbs
2024-11-25T14:17:50.869Z [warn] WARNING: {{date}} was not converted as it has positional parameters which can't be automatically converted. Source: app/templates/agendas.hbs
2024-11-25T14:17:50.870Z [warn] WARNING: {{datetime-at}} was not converted as it has positional parameters which can't be automatically converted. Source: app/templates/agendas.hbs
2024-11-25T14:17:50.878Z [warn] WARNING: {{page-title}} was not converted as it has positional parameters which can't be automatically converted. Source: app/templates/application.hbs
2024-11-25T14:17:50.878Z [warn] WARNING: {{fn}} was not converted as it has positional parameters which can't be automatically converted. Source: app/templates/application.hbs
2024-11-25T14:17:50.881Z [warn] WARNING: {{capitalize}} was not converted as it has positional parameters which can't be automatically converted. Source: app/templates/agenda/agendaitems/agendaitem.hbs
2024-11-25T14:17:50.881Z [warn] WARNING: {{capitalize}} was not converted as it has positional parameters which can't be automatically converted. Source: app/templates/agenda/agendaitems/agendaitem.hbs
2024-11-25T14:17:50.882Z [warn] WARNING: {{capitalize}} was not converted as it has positional parameters which can't be automatically converted. Source: app/templates/agenda/agendaitems/agendaitem.hbs
2024-11-25T14:17:50.882Z [warn] WARNING: {{capitalize}} was not converted as it has positional parameters which can't be automatically converted. Source: app/templates/agenda/agendaitems/agendaitem.hbs
2024-11-25T14:17:50.894Z [warn] WARNING: {{page-title}} was not converted as it has positional parameters which can't be automatically converted. Source: app/templates/settings/ministers.hbs
2024-11-25T14:17:50.913Z [warn] WARNING: {{set}} was not converted as it has positional parameters which can't be automatically converted. Source: app/templates/settings/organizations/index.hbs
2024-11-25T14:17:50.883Z [warn] WARNING: {{fn}} was not converted as it has positional parameters which can't be automatically converted. Source: app/templates/search/documents.hbs
2024-11-25T14:17:50.883Z [warn] WARNING: {{fn}} was not converted as it has positional parameters which can't be automatically converted. Source: app/templates/search/documents.hbs
2024-11-25T14:17:50.884Z [warn] WARNING: {{this.getStringProp}} was not converted as it has positional parameters which can't be automatically converted. Source: app/templates/search/documents.hbs
2024-11-25T14:17:50.922Z [warn] WARNING: {{page-title}} was not converted as it has positional parameters which can't be automatically converted. Source: app/templates/search/publication-flows.hbs
2024-11-25T14:17:50.923Z [warn] WARNING: {{fn}} was not converted as it has positional parameters which can't be automatically converted. Source: app/templates/search/publication-flows.hbs
2024-11-25T14:17:50.930Z [warn] WARNING: {{await}} was not converted as it has positional parameters which can't be automatically converted. Source: app/templates/cases/case/publication-flow.hbs
2024-11-25T14:17:50.750Z [warn] WARNING: {{and}} was not converted as it has positional parameters which can't be automatically converted. Source: app/templates/signatures/ratifications.hbs
2024-11-25T14:17:50.750Z [warn] WARNING: {{fn}} was not converted as it has positional parameters which can't be automatically converted. Source: app/templates/signatures/ratifications.hbs
2024-11-25T14:17:50.751Z [warn] WARNING: {{fn}} was not converted as it has positional parameters which can't be automatically converted. Source: app/templates/signatures/ratifications.hbs
2024-11-25T14:17:50.751Z [warn] WARNING: {{and}} was not converted as it has positional parameters which can't be automatically converted. Source: app/templates/signatures/ratifications.hbs
2024-11-25T14:17:50.751Z [warn] WARNING: {{includes}} was not converted as it has positional parameters which can't be automatically converted. Source: app/templates/signatures/ratifications.hbs
2024-11-25T14:17:50.752Z [warn] WARNING: {{fn}} was not converted as it has positional parameters which can't be automatically converted. Source: app/templates/signatures/ratifications.hbs
2024-11-25T14:17:50.752Z [warn] WARNING: {{date}} was not converted as it has positional parameters which can't be automatically converted. Source: app/templates/signatures/ratifications.hbs
2024-11-25T14:17:50.752Z [warn] WARNING: {{join}} was not converted as it has positional parameters which can't be automatically converted. Source: app/templates/signatures/ratifications.hbs
2024-11-25T14:17:50.753Z [warn] WARNING: {{or}} was not converted as it has positional parameters which can't be automatically converted. Source: app/templates/signatures/ratifications.hbs
2024-11-25T14:17:50.753Z [warn] WARNING: {{date}} was not converted as it has positional parameters which can't be automatically converted. Source: app/templates/signatures/ratifications.hbs
2024-11-25T14:17:50.753Z [warn] WARNING: {{fn}} was not converted as it has positional parameters which can't be automatically converted. Source: app/templates/signatures/ratifications.hbs
2024-11-25T14:17:50.753Z [warn] WARNING: {{fn}} was not converted as it has positional parameters which can't be automatically converted. Source: app/templates/signatures/ratifications.hbs
2024-11-25T14:17:50.754Z [warn] WARNING: {{or}} was not converted as it has positional parameters which can't be automatically converted. Source: app/templates/signatures/ratifications.hbs
2024-11-25T14:17:50.754Z [warn] WARNING: {{not}} was not converted as it has positional parameters which can't be automatically converted. Source: app/templates/signatures/ratifications.hbs
2024-11-25T14:17:50.754Z [warn] WARNING: {{or}} was not converted as it has positional parameters which can't be automatically converted. Source: app/templates/signatures/ratifications.hbs
2024-11-25T14:17:50.868Z [warn] WARNING: {{page-title}} was not converted as it has positional parameters which can't be automatically converted. Source: app/templates/signatures/ongoing.hbs
2024-11-25T14:17:50.868Z [warn] WARNING: {{set}} was not converted as it has positional parameters which can't be automatically converted. Source: app/templates/signatures/ongoing.hbs
2024-11-25T14:17:50.868Z [warn] WARNING: {{set}} was not converted as it has positional parameters which can't be automatically converted. Source: app/templates/signatures/ongoing.hbs
2024-11-25T14:17:50.868Z [warn] WARNING: {{fn}} was not converted as it has positional parameters which can't be automatically converted. Source: app/templates/signatures/ongoing.hbs
2024-11-25T14:17:50.869Z [warn] WARNING: {{fn}} was not converted as it has positional parameters which can't be automatically converted. Source: app/templates/signatures/ongoing.hbs
2024-11-25T14:17:50.869Z [warn] WARNING: {{join}} was not converted as it has positional parameters which can't be automatically converted. Source: app/templates/signatures/ongoing.hbs
2024-11-25T14:17:50.869Z [warn] WARNING: {{date}} was not converted as it has positional parameters which can't be automatically converted. Source: app/templates/signatures/ongoing.hbs
2024-11-25T14:17:50.869Z [warn] WARNING: {{or}} was not converted as it has positional parameters which can't be automatically converted. Source: app/templates/signatures/ongoing.hbs
2024-11-25T14:17:50.957Z [warn] WARNING: {{page-title}} was not converted as it has positional parameters which can't be automatically converted. Source: app/templates/cases/case/subcases/subcase/new-submission.hbs
2024-11-25T14:17:50.959Z [warn] WARNING: {{or}} was not converted as it has positional parameters which can't be automatically converted. Source: app/templates/cases/case/subcases/subcase/new-submission.hbs
2024-11-25T14:17:50.960Z [warn] WARNING: {{or}} was not converted as it has positional parameters which can't be automatically converted. Source: app/templates/cases/case/subcases/subcase/new-submission.hbs
2024-11-25T14:17:50.960Z [warn] WARNING: {{eq}} was not converted as it has positional parameters which can't be automatically converted. Source: app/templates/cases/case/subcases/subcase/new-submission.hbs
2024-11-25T14:17:50.960Z [warn] WARNING: {{eq}} was not converted as it has positional parameters which can't be automatically converted. Source: app/templates/cases/case/subcases/subcase/new-submission.hbs
2024-11-25T14:17:50.961Z [warn] WARNING: {{fn}} was not converted as it has positional parameters which can't be automatically converted. Source: app/templates/cases/case/subcases/subcase/new-submission.hbs
2024-11-25T14:17:50.760Z [warn] WARNING: {{fn}} was not converted as it has positional parameters which can't be automatically converted. Source: app/templates/newsletters/index.hbs
2024-11-25T14:17:50.760Z [warn] WARNING: {{fn}} was not converted as it has positional parameters which can't be automatically converted. Source: app/templates/newsletters/index.hbs
2024-11-25T14:17:50.760Z [warn] WARNING: {{date}} was not converted as it has positional parameters which can't be automatically converted. Source: app/templates/newsletters/index.hbs
2024-11-25T14:17:50.760Z [warn] WARNING: {{datetime-at}} was not converted as it has positional parameters which can't be automatically converted. Source: app/templates/newsletters/index.hbs
2024-11-25T14:17:50.761Z [warn] WARNING: {{datetime}} was not converted as it has positional parameters which can't be automatically converted. Source: app/templates/newsletters/index.hbs
2024-11-25T14:17:50.835Z [warn] WARNING: {{page-title}} was not converted as it has positional parameters which can't be automatically converted. Source: app/templates/newsletters/search.hbs
2024-11-25T14:17:50.835Z [warn] WARNING: {{capitalize}} was not converted as it has positional parameters which can't be automatically converted. Source: app/templates/newsletters/search.hbs
2024-11-25T14:17:50.835Z [warn] WARNING: {{set}} was not converted as it has positional parameters which can't be automatically converted. Source: app/templates/newsletters/search.hbs
2024-11-25T14:17:50.835Z [warn] WARNING: {{set}} was not converted as it has positional parameters which can't be automatically converted. Source: app/templates/newsletters/search.hbs
2024-11-25T14:17:50.836Z [warn] WARNING: {{set}} was not converted as it has positional parameters which can't be automatically converted. Source: app/templates/newsletters/search.hbs
2024-11-25T14:17:50.836Z [warn] WARNING: {{set}} was not converted as it has positional parameters which can't be automatically converted. Source: app/templates/newsletters/search.hbs
2024-11-25T14:17:50.836Z [warn] WARNING: {{fn}} was not converted as it has positional parameters which can't be automatically converted. Source: app/templates/newsletters/search.hbs
2024-11-25T14:17:50.836Z [warn] WARNING: {{fn}} was not converted as it has positional parameters which can't be automatically converted. Source: app/templates/newsletters/search.hbs
2024-11-25T14:17:50.836Z [warn] WARNING: {{fn}} was not converted as it has positional parameters which can't be automatically converted. Source: app/templates/newsletters/search.hbs
2024-11-25T14:17:50.837Z [warn] WARNING: {{date}} was not converted as it has positional parameters which can't be automatically converted. Source: app/templates/newsletters/search.hbs
2024-11-25T14:17:50.849Z [warn] WARNING: {{page-title}} was not converted as it has positional parameters which can't be automatically converted. Source: app/templates/publications/publication.hbs
2024-11-25T14:17:50.850Z [warn] WARNING: {{uppercase}} was not converted as it has positional parameters which can't be automatically converted. Source: app/templates/publications/publication.hbs
2024-11-25T14:17:50.850Z [warn] WARNING: {{uppercase}} was not converted as it has positional parameters which can't be automatically converted. Source: app/templates/publications/publication.hbs
2024-11-25T14:17:50.850Z [warn] WARNING: {{uppercase}} was not converted as it has positional parameters which can't be automatically converted. Source: app/templates/publications/publication.hbs
2024-11-25T14:17:50.850Z [warn] WARNING: {{uppercase}} was not converted as it has positional parameters which can't be automatically converted. Source: app/templates/publications/publication.hbs
2024-11-25T14:17:50.850Z [warn] WARNING: {{or}} was not converted as it has positional parameters which can't be automatically converted. Source: app/templates/publications/publication.hbs
2024-11-25T14:17:50.898Z [warn] WARNING: {{page-title}} was not converted as it has positional parameters which can't be automatically converted. Source: app/templates/search/all-types.hbs
2024-11-25T14:17:50.899Z [warn] WARNING: {{this.getStringProp}} was not converted as it has positional parameters which can't be automatically converted. Source: app/templates/search/all-types.hbs
2024-11-25T14:17:50.900Z [warn] WARNING: {{or}} was not converted as it has positional parameters which can't be automatically converted. Source: app/templates/search/all-types.hbs
2024-11-25T14:17:50.934Z [warn] WARNING: {{page-title}} was not converted as it has positional parameters which can't be automatically converted. Source: app/templates/search/cases.hbs
2024-11-25T14:17:50.935Z [warn] WARNING: {{set}} was not converted as it has positional parameters which can't be automatically converted. Source: app/templates/search/cases.hbs
2024-11-25T14:17:50.935Z [warn] WARNING: {{fn}} was not converted as it has positional parameters which can't be automatically converted. Source: app/templates/search/cases.hbs
2024-11-25T14:17:50.948Z [warn] WARNING: {{page-title}} was not converted as it has positional parameters which can't be automatically converted. Source: app/templates/search/decisions.hbs
2024-11-25T14:17:50.949Z [warn] WARNING: {{fn}} was not converted as it has positional parameters which can't be automatically converted. Source: app/templates/search/decisions.hbs
2024-11-25T14:17:50.983Z [warn] WARNING: {{page-title}} was not converted as it has positional parameters which can't be automatically converted. Source: app/templates/search/agendaitems.hbs
2024-11-25T14:17:50.983Z [warn] WARNING: {{set}} was not converted as it has positional parameters which can't be automatically converted. Source: app/templates/search/agendaitems.hbs
2024-11-25T14:17:50.983Z [warn] WARNING: {{set}} was not converted as it has positional parameters which can't be automatically converted. Source: app/templates/search/agendaitems.hbs
2024-11-25T14:17:50.983Z [warn] WARNING: {{capitalize}} was not converted as it has positional parameters which can't be automatically converted. Source: app/templates/search/agendaitems.hbs
2024-11-25T14:17:50.983Z [warn] WARNING: {{set}} was not converted as it has positional parameters which can't be automatically converted. Source: app/templates/search/agendaitems.hbs
2024-11-25T14:17:50.983Z [warn] WARNING: {{fn}} was not converted as it has positional parameters which can't be automatically converted. Source: app/templates/search/agendaitems.hbs
2024-11-25T14:17:50.983Z [warn] WARNING: {{fn}} was not converted as it has positional parameters which can't be automatically converted. Source: app/templates/search/agendaitems.hbs
2024-11-25T14:17:50.931Z [warn] WARNING: {{await}} was not converted as it has positional parameters which can't be automatically converted. Source: app/templates/cases/case/publication-flow.hbs
2024-11-25T14:17:50.931Z [warn] WARNING: {{await}} was not converted as it has positional parameters which can't be automatically converted. Source: app/templates/cases/case/publication-flow.hbs
2024-11-25T14:17:50.948Z [warn] WARNING: {{fn}} was not converted as it has positional parameters which can't be automatically converted. Source: app/templates/publications/overview/reports.hbs
2024-11-25T14:17:50.994Z [warn] WARNING: {{page-title}} was not converted as it has positional parameters which can't be automatically converted. Source: app/templates/cases/submissions/submission.hbs
2024-11-25T14:17:50.994Z [warn] WARNING: {{page-title}} was not converted as it has positional parameters which can't be automatically converted. Source: app/templates/cases/submissions/submission.hbs
2024-11-25T14:17:50.994Z [warn] WARNING: {{await}} was not converted as it has positional parameters which can't be automatically converted. Source: app/templates/cases/submissions/submission.hbs
2024-11-25T14:17:50.994Z [warn] WARNING: {{and}} was not converted as it has positional parameters which can't be automatically converted. Source: app/templates/cases/submissions/submission.hbs
2024-11-25T14:17:50.995Z [warn] WARNING: {{or}} was not converted as it has positional parameters which can't be automatically converted. Source: app/templates/cases/submissions/submission.hbs
2024-11-25T14:17:50.995Z [warn] WARNING: {{eq}} was not converted as it has positional parameters which can't be automatically converted. Source: app/templates/cases/submissions/submission.hbs
2024-11-25T14:17:50.995Z [warn] WARNING: {{fn}} was not converted as it has positional parameters which can't be automatically converted. Source: app/templates/cases/submissions/submission.hbs
2024-11-25T14:17:50.995Z [warn] WARNING: {{toggle}} was not converted as it has positional parameters which can't be automatically converted. Source: app/templates/cases/submissions/submission.hbs
2024-11-25T14:17:50.992Z [warn] WARNING: {{page-title}} was not converted as it has positional parameters which can't be automatically converted. Source: app/templates/settings/emails.hbs
2024-11-25T14:17:50.998Z [warn] WARNING: {{page-title}} was not converted as it has positional parameters which can't be automatically converted. Source: app/templates/search/news-items.hbs
2024-11-25T14:17:50.999Z [warn] WARNING: {{fn}} was not converted as it has positional parameters which can't be automatically converted. Source: app/templates/search/news-items.hbs
2024-11-25T14:17:50.999Z [warn] WARNING: {{fn}} was not converted as it has positional parameters which can't be automatically converted. Source: app/templates/search/news-items.hbs
2024-11-25T14:17:50.999Z [warn] WARNING: {{or}} was not converted as it has positional parameters which can't be automatically converted. Source: app/templates/search/news-items.hbs
2024-11-25T14:17:50.873Z [warn] WARNING: {{page-title}} was not converted as it has positional parameters which can't be automatically converted. Source: app/templates/search.hbs
2024-11-25T14:17:50.873Z [warn] WARNING: {{capitalize}} was not converted as it has positional parameters which can't be automatically converted. Source: app/templates/search.hbs
2024-11-25T14:17:50.874Z [warn] WARNING: {{set}} was not converted as it has positional parameters which can't be automatically converted. Source: app/templates/search.hbs
2024-11-25T14:17:50.874Z [warn] WARNING: {{set}} was not converted as it has positional parameters which can't be automatically converted. Source: app/templates/search.hbs
2024-11-25T14:17:50.886Z [warn] WARNING: {{page-title}} was not converted as it has positional parameters which can't be automatically converted. Source: app/templates/settings.hbs
2024-11-25T14:17:50.902Z [warn] WARNING: {{page-title}} was not converted as it has positional parameters which can't be automatically converted. Source: app/templates/signatures.hbs
2024-11-25T14:17:50.997Z [warn] WARNING: {{page-title}} was not converted as it has positional parameters which can't be automatically converted. Source: app/templates/submissions.hbs
2024-11-25T14:17:50.997Z [warn] WARNING: {{set}} was not converted as it has positional parameters which can't be automatically converted. Source: app/templates/submissions.hbs
2024-11-25T14:17:50.997Z [warn] WARNING: {{set}} was not converted as it has positional parameters which can't be automatically converted. Source: app/templates/submissions.hbs
2024-11-25T14:17:50.998Z [warn] WARNING: {{set}} was not converted as it has positional parameters which can't be automatically converted. Source: app/templates/submissions.hbs
2024-11-25T14:17:50.998Z [warn] WARNING: {{fn}} was not converted as it has positional parameters which can't be automatically converted. Source: app/templates/submissions.hbs
2024-11-25T14:17:50.998Z [warn] WARNING: {{fn}} was not converted as it has positional parameters which can't be automatically converted. Source: app/templates/submissions.hbs
2024-11-25T14:17:50.998Z [warn] WARNING: {{fn}} was not converted as it has positional parameters which can't be automatically converted. Source: app/templates/submissions.hbs
2024-11-25T14:17:50.998Z [warn] WARNING: {{fn}} was not converted as it has positional parameters which can't be automatically converted. Source: app/templates/submissions.hbs
2024-11-25T14:17:50.998Z [warn] WARNING: {{date}} was not converted as it has positional parameters which can't be automatically converted. Source: app/templates/submissions.hbs
2024-11-25T14:17:50.998Z [warn] WARNING: {{capitalize}} was not converted as it has positional parameters which can't be automatically converted. Source: app/templates/submissions.hbs
2024-11-25T14:17:50.998Z [warn] WARNING: {{capitalize}} was not converted as it has positional parameters which can't be automatically converted. Source: app/templates/submissions.hbs
2024-11-25T14:17:50.998Z [warn] WARNING: {{fn}} was not converted as it has positional parameters which can't be automatically converted. Source: app/templates/submissions.hbs
2024-11-25T14:17:51.022Z [warn] WARNING: {{not}} was not converted as it has positional parameters which can't be automatically converted. Source: app/templates/agenda/agendaitems.hbs
2024-11-25T14:17:51.022Z [warn] WARNING: {{toggle}} was not converted as it has positional parameters which can't be automatically converted. Source: app/templates/agenda/agendaitems.hbs
2024-11-25T14:17:51.022Z [warn] WARNING: {{toggle}} was not converted as it has positional parameters which can't be automatically converted. Source: app/templates/agenda/agendaitems.hbs
2024-11-25T14:17:51.022Z [warn] WARNING: {{toggle}} was not converted as it has positional parameters which can't be automatically converted. Source: app/templates/agenda/agendaitems.hbs
2024-11-25T14:17:50.994Z [warn] WARNING: {{page-title}} was not converted as it has positional parameters which can't be automatically converted. Source: app/templates/signatures/decisions.hbs
2024-11-25T14:17:50.995Z [warn] WARNING: {{and}} was not converted as it has positional parameters which can't be automatically converted. Source: app/templates/signatures/decisions.hbs
2024-11-25T14:17:50.995Z [warn] WARNING: {{fn}} was not converted as it has positional parameters which can't be automatically converted. Source: app/templates/signatures/decisions.hbs
2024-11-25T14:17:50.995Z [warn] WARNING: {{fn}} was not converted as it has positional parameters which can't be automatically converted. Source: app/templates/signatures/decisions.hbs
2024-11-25T14:17:50.995Z [warn] WARNING: {{and}} was not converted as it has positional parameters which can't be automatically converted. Source: app/templates/signatures/decisions.hbs
2024-11-25T14:17:50.996Z [warn] WARNING: {{includes}} was not converted as it has positional parameters which can't be automatically converted. Source: app/templates/signatures/decisions.hbs
2024-11-25T14:17:50.996Z [warn] WARNING: {{fn}} was not converted as it has positional parameters which can't be automatically converted. Source: app/templates/signatures/decisions.hbs
2024-11-25T14:17:50.996Z [warn] WARNING: {{date}} was not converted as it has positional parameters which can't be automatically converted. Source: app/templates/signatures/decisions.hbs
2024-11-25T14:17:50.996Z [warn] WARNING: {{or}} was not converted as it has positional parameters which can't be automatically converted. Source: app/templates/signatures/decisions.hbs
2024-11-25T14:17:50.997Z [warn] WARNING: {{date}} was not converted as it has positional parameters which can't be automatically converted. Source: app/templates/signatures/decisions.hbs
2024-11-25T14:17:50.997Z [warn] WARNING: {{fn}} was not converted as it has positional parameters which can't be automatically converted. Source: app/templates/signatures/decisions.hbs
2024-11-25T14:17:50.997Z [warn] WARNING: {{fn}} was not converted as it has positional parameters which can't be automatically converted. Source: app/templates/signatures/decisions.hbs
2024-11-25T14:17:50.997Z [warn] WARNING: {{or}} was not converted as it has positional parameters which can't be automatically converted. Source: app/templates/signatures/decisions.hbs
2024-11-25T14:17:50.997Z [warn] WARNING: {{not}} was not converted as it has positional parameters which can't be automatically converted. Source: app/templates/signatures/decisions.hbs
2024-11-25T14:17:50.998Z [warn] WARNING: {{or}} was not converted as it has positional parameters which can't be automatically converted. Source: app/templates/signatures/decisions.hbs
2024-11-25T14:17:51.055Z [warn] WARNING: {{page-title}} was not converted as it has positional parameters which can't be automatically converted. Source: app/templates/signatures/index.hbs
2024-11-25T14:17:51.055Z [warn] WARNING: {{and}} was not converted as it has positional parameters which can't be automatically converted. Source: app/templates/signatures/index.hbs
2024-11-25T14:17:51.056Z [warn] WARNING: {{fn}} was not converted as it has positional parameters which can't be automatically converted. Source: app/templates/signatures/index.hbs
2024-11-25T14:17:51.056Z [warn] WARNING: {{fn}} was not converted as it has positional parameters which can't be automatically converted. Source: app/templates/signatures/index.hbs
2024-11-25T14:17:51.056Z [warn] WARNING: {{and}} was not converted as it has positional parameters which can't be automatically converted. Source: app/templates/signatures/index.hbs
2024-11-25T14:17:51.056Z [warn] WARNING: {{capitalize}} was not converted as it has positional parameters which can't be automatically converted. Source: app/templates/signatures/index.hbs
2024-11-25T14:17:51.056Z [warn] WARNING: {{includes}} was not converted as it has positional parameters which can't be automatically converted. Source: app/templates/signatures/index.hbs
2024-11-25T14:17:51.056Z [warn] WARNING: {{fn}} was not converted as it has positional parameters which can't be automatically converted. Source: app/templates/signatures/index.hbs
2024-11-25T14:17:51.056Z [warn] WARNING: {{join}} was not converted as it has positional parameters which can't be automatically converted. Source: app/templates/signatures/index.hbs
2024-11-25T14:17:51.056Z [warn] WARNING: {{date}} was not converted as it has positional parameters which can't be automatically converted. Source: app/templates/signatures/index.hbs
2024-11-25T14:17:51.056Z [warn] WARNING: {{or}} was not converted as it has positional parameters which can't be automatically converted. Source: app/templates/signatures/index.hbs
2024-11-25T14:17:51.056Z [warn] WARNING: {{date}} was not converted as it has positional parameters which can't be automatically converted. Source: app/templates/signatures/index.hbs
2024-11-25T14:17:51.056Z [warn] WARNING: {{fn}} was not converted as it has positional parameters which can't be automatically converted. Source: app/templates/signatures/index.hbs
2024-11-25T14:17:51.056Z [warn] WARNING: {{fn}} was not converted as it has positional parameters which can't be automatically converted. Source: app/templates/signatures/index.hbs
2024-11-25T14:17:51.056Z [warn] WARNING: {{fn}} was not converted as it has positional parameters which can't be automatically converted. Source: app/templates/signatures/index.hbs
2024-11-25T14:17:51.056Z [warn] WARNING: {{fn}} was not converted as it has positional parameters which can't be automatically converted. Source: app/templates/signatures/index.hbs
2024-11-25T14:17:51.057Z [warn] WARNING: {{fn}} was not converted as it has positional parameters which can't be automatically converted. Source: app/templates/signatures/index.hbs
2024-11-25T14:17:51.057Z [warn] WARNING: {{fn}} was not converted as it has positional parameters which can't be automatically converted. Source: app/templates/signatures/index.hbs
2024-11-25T14:17:51.057Z [warn] WARNING: {{or}} was not converted as it has positional parameters which can't be automatically converted. Source: app/templates/signatures/index.hbs
2024-11-25T14:17:51.057Z [warn] WARNING: {{or}} was not converted as it has positional parameters which can't be automatically converted. Source: app/templates/signatures/index.hbs
2024-11-25T14:17:51.057Z [warn] WARNING: {{or}} was not converted as it has positional parameters which can't be automatically converted. Source: app/templates/signatures/index.hbs
2024-11-25T14:17:51.057Z [warn] WARNING: {{fn}} was not converted as it has positional parameters which can't be automatically converted. Source: app/templates/signatures/index.hbs
2024-11-25T14:17:50.915Z [warn] WARNING: {{fn}} was not converted as it has positional parameters which can't be automatically converted. Source: app/templates/settings/organizations/index.hbs
2024-11-25T14:17:50.915Z [warn] WARNING: {{fn}} was not converted as it has positional parameters which can't be automatically converted. Source: app/templates/settings/organizations/index.hbs
2024-11-25T14:17:50.915Z [warn] WARNING: {{fn}} was not converted as it has positional parameters which can't be automatically converted. Source: app/templates/settings/organizations/index.hbs
2024-11-25T14:17:50.916Z [warn] WARNING: {{fn}} was not converted as it has positional parameters which can't be automatically converted. Source: app/templates/settings/organizations/index.hbs
2024-11-25T14:17:50.916Z [warn] WARNING: {{queue}} was not converted as it has positional parameters which can't be automatically converted. Source: app/templates/settings/organizations/index.hbs
2024-11-25T14:17:50.917Z [warn] WARNING: {{toggle}} was not converted as it has positional parameters which can't be automatically converted. Source: app/templates/settings/organizations/index.hbs
2024-11-25T14:17:50.917Z [warn] WARNING: {{queue}} was not converted as it has positional parameters which can't be automatically converted. Source: app/templates/settings/organizations/index.hbs
2024-11-25T14:17:50.917Z [warn] WARNING: {{toggle}} was not converted as it has positional parameters which can't be automatically converted. Source: app/templates/settings/organizations/index.hbs
2024-11-25T14:17:50.984Z [warn] WARNING: {{toggle}} was not converted as it has positional parameters which can't be automatically converted. Source: app/templates/settings/organizations/organization.hbs
2024-11-25T14:17:50.985Z [warn] WARNING: {{toggle}} was not converted as it has positional parameters which can't be automatically converted. Source: app/templates/settings/organizations/organization.hbs
2024-11-25T14:17:50.985Z [warn] WARNING: {{toggle}} was not converted as it has positional parameters which can't be automatically converted. Source: app/templates/settings/organizations/organization.hbs
2024-11-25T14:17:50.985Z [warn] WARNING: {{fn}} was not converted as it has positional parameters which can't be automatically converted. Source: app/templates/settings/organizations/organization.hbs
2024-11-25T14:17:51.070Z [warn] WARNING: {{set}} was not converted as it has positional parameters which can't be automatically converted. Source: app/templates/settings/users/index.hbs
2024-11-25T14:17:51.070Z [warn] WARNING: {{set}} was not converted as it has positional parameters which can't be automatically converted. Source: app/templates/settings/users/index.hbs
2024-11-25T14:17:51.070Z [warn] WARNING: {{set}} was not converted as it has positional parameters which can't be automatically converted. Source: app/templates/settings/users/index.hbs
2024-11-25T14:17:51.070Z [warn] WARNING: {{set}} was not converted as it has positional parameters which can't be automatically converted. Source: app/templates/settings/users/index.hbs
2024-11-25T14:17:51.070Z [warn] WARNING: {{toggle}} was not converted as it has positional parameters which can't be automatically converted. Source: app/templates/settings/users/index.hbs
2024-11-25T14:17:51.070Z [warn] WARNING: {{toggle}} was not converted as it has positional parameters which can't be automatically converted. Source: app/templates/settings/users/index.hbs
2024-11-25T14:17:51.070Z [warn] WARNING: {{fn}} was not converted as it has positional parameters which can't be automatically converted. Source: app/templates/settings/users/index.hbs
2024-11-25T14:17:51.070Z [warn] WARNING: {{fn}} was not converted as it has positional parameters which can't be automatically converted. Source: app/templates/settings/users/index.hbs
2024-11-25T14:17:51.070Z [warn] WARNING: {{fn}} was not converted as it has positional parameters which can't be automatically converted. Source: app/templates/settings/users/index.hbs
2024-11-25T14:17:51.070Z [warn] WARNING: {{fn}} was not converted as it has positional parameters which can't be automatically converted. Source: app/templates/settings/users/index.hbs
2024-11-25T14:17:51.070Z [warn] WARNING: {{datetime-at}} was not converted as it has positional parameters which can't be automatically converted. Source: app/templates/settings/users/index.hbs
2024-11-25T14:17:51.071Z [warn] WARNING: {{queue}} was not converted as it has positional parameters which can't be automatically converted. Source: app/templates/settings/users/index.hbs
2024-11-25T14:17:51.071Z [warn] WARNING: {{fn}} was not converted as it has positional parameters which can't be automatically converted. Source: app/templates/settings/users/index.hbs
2024-11-25T14:17:51.071Z [warn] WARNING: {{queue}} was not converted as it has positional parameters which can't be automatically converted. Source: app/templates/settings/users/index.hbs
2024-11-25T14:17:51.071Z [warn] WARNING: {{fn}} was not converted as it has positional parameters which can't be automatically converted. Source: app/templates/settings/users/index.hbs
2024-11-25T14:17:51.071Z [warn] WARNING: {{queue}} was not converted as it has positional parameters which can't be automatically converted. Source: app/templates/settings/users/index.hbs
2024-11-25T14:17:51.071Z [warn] WARNING: {{toggle}} was not converted as it has positional parameters which can't be automatically converted. Source: app/templates/settings/users/index.hbs
2024-11-25T14:17:51.071Z [warn] WARNING: {{queue}} was not converted as it has positional parameters which can't be automatically converted. Source: app/templates/settings/users/index.hbs
2024-11-25T14:17:51.071Z [warn] WARNING: {{toggle}} was not converted as it has positional parameters which can't be automatically converted. Source: app/templates/settings/users/index.hbs
2024-11-25T14:17:51.074Z [warn] WARNING: {{page-title}} was not converted as it has positional parameters which can't be automatically converted. Source: app/templates/signatures/ongoing-ratifications.hbs
2024-11-25T14:17:51.074Z [warn] WARNING: {{set}} was not converted as it has positional parameters which can't be automatically converted. Source: app/templates/signatures/ongoing-ratifications.hbs
2024-11-25T14:17:51.074Z [warn] WARNING: {{set}} was not converted as it has positional parameters which can't be automatically converted. Source: app/templates/signatures/ongoing-ratifications.hbs
2024-11-25T14:17:51.074Z [warn] WARNING: {{fn}} was not converted as it has positional parameters which can't be automatically converted. Source: app/templates/signatures/ongoing-ratifications.hbs
2024-11-25T14:17:51.074Z [warn] WARNING: {{fn}} was not converted as it has positional parameters which can't be automatically converted. Source: app/templates/signatures/ongoing-ratifications.hbs
2024-11-25T14:17:51.074Z [warn] WARNING: {{date}} was not converted as it has positional parameters which can't be automatically converted. Source: app/templates/signatures/ongoing-ratifications.hbs
2024-11-25T14:17:51.074Z [warn] WARNING: {{or}} was not converted as it has positional parameters which can't be automatically converted. Source: app/templates/signatures/ongoing-ratifications.hbs
2024-11-25T14:17:51.091Z [warn] WARNING: {{page-title}} was not converted as it has positional parameters which can't be automatically converted. Source: app/templates/signatures/ongoing-decisions.hbs
2024-11-25T14:17:51.091Z [warn] WARNING: {{set}} was not converted as it has positional parameters which can't be automatically converted. Source: app/templates/signatures/ongoing-decisions.hbs
2024-11-25T14:17:51.091Z [warn] WARNING: {{set}} was not converted as it has positional parameters which can't be automatically converted. Source: app/templates/signatures/ongoing-decisions.hbs
2024-11-25T14:17:51.091Z [warn] WARNING: {{fn}} was not converted as it has positional parameters which can't be automatically converted. Source: app/templates/signatures/ongoing-decisions.hbs
2024-11-25T14:17:51.091Z [warn] WARNING: {{fn}} was not converted as it has positional parameters which can't be automatically converted. Source: app/templates/signatures/ongoing-decisions.hbs
2024-11-25T14:17:51.091Z [warn] WARNING: {{date}} was not converted as it has positional parameters which can't be automatically converted. Source: app/templates/signatures/ongoing-decisions.hbs
2024-11-25T14:17:51.091Z [warn] WARNING: {{or}} was not converted as it has positional parameters which can't be automatically converted. Source: app/templates/signatures/ongoing-decisions.hbs
2024-11-25T14:17:51.110Z [warn] WARNING: {{page-title}} was not converted as it has positional parameters which can't be automatically converted. Source: app/templates/publications/publication/decisions.hbs
2024-11-25T14:17:51.111Z [warn] WARNING: {{eq}} was not converted as it has positional parameters which can't be automatically converted. Source: app/templates/agenda/documents.hbs
2024-11-25T14:17:51.119Z [warn] WARNING: {{capitalize}} was not converted as it has positional parameters which can't be automatically converted. Source: app/templates/settings/users/user.hbs
2024-11-25T14:17:51.119Z [warn] WARNING: {{capitalize}} was not converted as it has positional parameters which can't be automatically converted. Source: app/templates/settings/users/user.hbs
2024-11-25T14:17:51.119Z [warn] WARNING: {{fn}} was not converted as it has positional parameters which can't be automatically converted. Source: app/templates/settings/users/user.hbs
2024-11-25T14:17:51.119Z [warn] WARNING: {{toggle}} was not converted as it has positional parameters which can't be automatically converted. Source: app/templates/settings/users/user.hbs
2024-11-25T14:17:51.120Z [warn] WARNING: {{toggle}} was not converted as it has positional parameters which can't be automatically converted. Source: app/templates/settings/users/user.hbs
2024-11-25T14:17:51.120Z [warn] WARNING: {{toggle}} was not converted as it has positional parameters which can't be automatically converted. Source: app/templates/settings/users/user.hbs
2024-11-25T14:17:51.120Z [warn] WARNING: {{toggle}} was not converted as it has positional parameters which can't be automatically converted. Source: app/templates/settings/users/user.hbs
2024-11-25T14:17:51.145Z [warn] WARNING: {{user-may}} was not converted as it has positional parameters which can't be automatically converted. Source: app/templates/agenda/agendaitems/agendaitem/documents.hbs
2024-11-25T14:17:51.146Z [warn] WARNING: {{eq}} was not converted as it has positional parameters which can't be automatically converted. Source: app/templates/agenda/agendaitems/agendaitem/documents.hbs
2024-11-25T14:17:51.148Z [warn] WARNING: {{page-title}} was not converted as it has positional parameters which can't be automatically converted. Source: app/templates/publications/overview/search.hbs
2024-11-25T14:17:51.149Z [warn] WARNING: {{capitalize}} was not converted as it has positional parameters which can't be automatically converted. Source: app/templates/publications/overview/search.hbs
2024-11-25T14:17:51.149Z [warn] WARNING: {{capitalize}} was not converted as it has positional parameters which can't be automatically converted. Source: app/templates/publications/overview/search.hbs
2024-11-25T14:17:51.149Z [warn] WARNING: {{eq}} was not converted as it has positional parameters which can't be automatically converted. Source: app/templates/publications/overview/search.hbs
2024-11-25T14:17:51.149Z [warn] WARNING: {{set}} was not converted as it has positional parameters which can't be automatically converted. Source: app/templates/publications/overview/search.hbs
2024-11-25T14:17:51.149Z [warn] WARNING: {{set}} was not converted as it has positional parameters which can't be automatically converted. Source: app/templates/publications/overview/search.hbs
2024-11-25T14:17:51.149Z [warn] WARNING: {{set}} was not converted as it has positional parameters which can't be automatically converted. Source: app/templates/publications/overview/search.hbs
2024-11-25T14:17:51.149Z [warn] WARNING: {{set}} was not converted as it has positional parameters which can't be automatically converted. Source: app/templates/publications/overview/search.hbs
2024-11-25T14:17:51.149Z [warn] WARNING: {{capitalize}} was not converted as it has positional parameters which can't be automatically converted. Source: app/templates/publications/overview/search.hbs
2024-11-25T14:17:51.150Z [warn] WARNING: {{fn}} was not converted as it has positional parameters which can't be automatically converted. Source: app/templates/publications/overview/search.hbs
2024-11-25T14:17:51.150Z [warn] WARNING: {{fn}} was not converted as it has positional parameters which can't be automatically converted. Source: app/templates/publications/overview/search.hbs
2024-11-25T14:17:51.150Z [warn] WARNING: {{fn}} was not converted as it has positional parameters which can't be automatically converted. Source: app/templates/publications/overview/search.hbs
2024-11-25T14:17:51.150Z [warn] WARNING: {{fn}} was not converted as it has positional parameters which can't be automatically converted. Source: app/templates/publications/overview/search.hbs
2024-11-25T14:17:51.150Z [warn] WARNING: {{fn}} was not converted as it has positional parameters which can't be automatically converted. Source: app/templates/publications/overview/search.hbs
2024-11-25T14:17:51.150Z [warn] WARNING: {{fn}} was not converted as it has positional parameters which can't be automatically converted. Source: app/templates/publications/overview/search.hbs
2024-11-25T14:17:51.150Z [warn] WARNING: {{join}} was not converted as it has positional parameters which can't be automatically converted. Source: app/templates/publications/overview/search.hbs
2024-11-25T14:17:51.150Z [warn] WARNING: {{date}} was not converted as it has positional parameters which can't be automatically converted. Source: app/templates/publications/overview/search.hbs
2024-11-25T14:17:51.153Z [warn] WARNING: {{page-title}} was not converted as it has positional parameters which can't be automatically converted. Source: app/templates/publications/publication/case.hbs
2024-11-25T14:17:51.154Z [warn] WARNING: {{user-may}} was not converted as it has positional parameters which can't be automatically converted. Source: app/templates/publications/publication/case.hbs
2024-11-25T14:17:51.154Z [warn] WARNING: {{user-may}} was not converted as it has positional parameters which can't be automatically converted. Source: app/templates/publications/publication/case.hbs
2024-11-25T14:17:51.154Z [warn] WARNING: {{user-may}} was not converted as it has positional parameters which can't be automatically converted. Source: app/templates/publications/publication/case.hbs
2024-11-25T14:17:51.154Z [warn] WARNING: {{user-may}} was not converted as it has positional parameters which can't be automatically converted. Source: app/templates/publications/publication/case.hbs
2024-11-25T14:17:51.155Z [warn] WARNING: {{page-title}} was not converted as it has positional parameters which can't be automatically converted. Source: app/templates/publications/publication/proofs.hbs
2024-11-25T14:17:51.156Z [warn] WARNING: {{page-title}} was not converted as it has positional parameters which can't be automatically converted. Source: app/templates/publications/publication/publication-activities.hbs
2024-11-25T14:17:51.157Z [warn] WARNING: {{page-title}} was not converted as it has positional parameters which can't be automatically converted. Source: app/templates/publications/publication/translations.hbs
2024-11-25T14:17:51.112Z [warn] WARNING: {{user-may}} was not converted as it has positional parameters which can't be automatically converted. Source: app/templates/agenda/documents.hbs
2024-11-25T14:17:51.117Z [warn] WARNING: {{page-title}} was not converted as it has positional parameters which can't be automatically converted. Source: app/templates/agenda/press.hbs
2024-11-25T14:17:51.117Z [warn] WARNING: {{date}} was not converted as it has positional parameters which can't be automatically converted. Source: app/templates/agenda/press.hbs
2024-11-25T14:17:51.117Z [warn] WARNING: {{datetime-at}} was not converted as it has positional parameters which can't be automatically converted. Source: app/templates/agenda/press.hbs
2024-11-25T14:17:51.117Z [warn] WARNING: {{kind-print-label}} was not converted as it has positional parameters which can't be automatically converted. Source: app/templates/agenda/press.hbs
2024-11-25T14:17:51.133Z [warn] WARNING: {{date}} was not converted as it has positional parameters which can't be automatically converted. Source: app/templates/agenda/print.hbs
2024-11-25T14:17:51.133Z [warn] WARNING: {{datetime-at}} was not converted as it has positional parameters which can't be automatically converted. Source: app/templates/agenda/print.hbs
2024-11-25T14:17:51.133Z [warn] WARNING: {{kind-print-label}} was not converted as it has positional parameters which can't be automatically converted. Source: app/templates/agenda/print.hbs
2024-11-25T14:17:51.164Z [warn] WARNING: {{fn}} was not converted as it has positional parameters which can't be automatically converted. Source: app/templates/agenda/submissions.hbs
2024-11-25T14:17:51.164Z [warn] WARNING: {{fn}} was not converted as it has positional parameters which can't be automatically converted. Source: app/templates/agenda/submissions.hbs
2024-11-25T14:17:51.164Z [warn] WARNING: {{fn}} was not converted as it has positional parameters which can't be automatically converted. Source: app/templates/agenda/submissions.hbs
2024-11-25T14:17:51.164Z [warn] WARNING: {{fn}} was not converted as it has positional parameters which can't be automatically converted. Source: app/templates/agenda/submissions.hbs
2024-11-25T14:17:51.164Z [warn] WARNING: {{fn}} was not converted as it has positional parameters which can't be automatically converted. Source: app/templates/agenda/submissions.hbs
2024-11-25T14:17:51.164Z [warn] WARNING: {{or}} was not converted as it has positional parameters which can't be automatically converted. Source: app/templates/agenda/submissions.hbs
2024-11-25T14:17:51.164Z [warn] WARNING: {{join}} was not converted as it has positional parameters which can't be automatically converted. Source: app/templates/agenda/submissions.hbs
2024-11-25T14:17:51.164Z [warn] WARNING: {{capitalize}} was not converted as it has positional parameters which can't be automatically converted. Source: app/templates/agenda/submissions.hbs
2024-11-25T14:17:51.164Z [warn] WARNING: {{capitalize}} was not converted as it has positional parameters which can't be automatically converted. Source: app/templates/agenda/submissions.hbs
2024-11-25T14:17:51.165Z [warn] WARNING: {{fn}} was not converted as it has positional parameters which can't be automatically converted. Source: app/templates/agenda/submissions.hbs
